<!doctype html public "-//w3c//dtd html 4.0 transitional//en">
<html><head>
<title>Static Call Graph - [meow_cubemx\meow_cubemx.axf]</title></head>
<body><HR>
<H1>Static Call Graph for image meow_cubemx\meow_cubemx.axf</H1><HR>
<BR><P>#&#060CALLGRAPH&#062# ARM Linker, 5060750: Last Updated: Mon Aug 06 19:13:38 2018
<BR><P>
<H3>Maximum Stack Usage =        304 bytes + Unknown(Cycles, Untraceable Function Pointers)</H3><H3>
Call chain for Maximum Stack Depth:</H3>
main &rArr; neko_led_test &rArr; pow &rArr; __kernel_poly &rArr; __aeabi_dmul &rArr; _double_epilogue &rArr; __aeabi_llsl
<P>
<H3>
Mutually Recursive functions
</H3> <LI><a href="#[10]">ADC1_IRQHandler</a>&nbsp;&nbsp;&nbsp;&rArr;&nbsp;&nbsp;&nbsp;<a href="#[10]">ADC1_IRQHandler</a><BR>
 <LI><a href="#[2]">HardFault_Handler</a>&nbsp;&nbsp;&nbsp;&rArr;&nbsp;&nbsp;&nbsp;<a href="#[2]">HardFault_Handler</a><BR>
</UL>
<P>
<H3>
Function Pointers
</H3><UL>
 <LI><a href="#[10]">ADC1_IRQHandler</a> from startup_stm32f030x8.o(.text) referenced from startup_stm32f030x8.o(RESET)
 <LI><a href="#[d]">DMA1_Channel1_IRQHandler</a> from startup_stm32f030x8.o(.text) referenced from startup_stm32f030x8.o(RESET)
 <LI><a href="#[e]">DMA1_Channel2_3_IRQHandler</a> from startup_stm32f030x8.o(.text) referenced from startup_stm32f030x8.o(RESET)
 <LI><a href="#[f]">DMA1_Channel4_5_IRQHandler</a> from startup_stm32f030x8.o(.text) referenced from startup_stm32f030x8.o(RESET)
 <LI><a href="#[a]">EXTI0_1_IRQHandler</a> from startup_stm32f030x8.o(.text) referenced from startup_stm32f030x8.o(RESET)
 <LI><a href="#[b]">EXTI2_3_IRQHandler</a> from startup_stm32f030x8.o(.text) referenced from startup_stm32f030x8.o(RESET)
 <LI><a href="#[c]">EXTI4_15_IRQHandler</a> from stm32f0xx_it.o(i.EXTI4_15_IRQHandler) referenced from startup_stm32f030x8.o(RESET)
 <LI><a href="#[8]">FLASH_IRQHandler</a> from startup_stm32f030x8.o(.text) referenced from startup_stm32f030x8.o(RESET)
 <LI><a href="#[2]">HardFault_Handler</a> from stm32f0xx_it.o(i.HardFault_Handler) referenced from startup_stm32f030x8.o(RESET)
 <LI><a href="#[19]">I2C1_IRQHandler</a> from startup_stm32f030x8.o(.text) referenced from startup_stm32f030x8.o(RESET)
 <LI><a href="#[1a]">I2C2_IRQHandler</a> from startup_stm32f030x8.o(.text) referenced from startup_stm32f030x8.o(RESET)
 <LI><a href="#[1]">NMI_Handler</a> from stm32f0xx_it.o(i.NMI_Handler) referenced from startup_stm32f030x8.o(RESET)
 <LI><a href="#[4]">PendSV_Handler</a> from stm32f0xx_it.o(i.PendSV_Handler) referenced from startup_stm32f030x8.o(RESET)
 <LI><a href="#[9]">RCC_IRQHandler</a> from startup_stm32f030x8.o(.text) referenced from startup_stm32f030x8.o(RESET)
 <LI><a href="#[7]">RTC_IRQHandler</a> from startup_stm32f030x8.o(.text) referenced from startup_stm32f030x8.o(RESET)
 <LI><a href="#[0]">Reset_Handler</a> from startup_stm32f030x8.o(.text) referenced from startup_stm32f030x8.o(RESET)
 <LI><a href="#[1b]">SPI1_IRQHandler</a> from startup_stm32f030x8.o(.text) referenced from startup_stm32f030x8.o(RESET)
 <LI><a href="#[1c]">SPI2_IRQHandler</a> from startup_stm32f030x8.o(.text) referenced from startup_stm32f030x8.o(RESET)
 <LI><a href="#[3]">SVC_Handler</a> from stm32f0xx_it.o(i.SVC_Handler) referenced from startup_stm32f030x8.o(RESET)
 <LI><a href="#[5]">SysTick_Handler</a> from stm32f0xx_it.o(i.SysTick_Handler) referenced from startup_stm32f030x8.o(RESET)
 <LI><a href="#[20]">SystemInit</a> from system_stm32f0xx.o(i.SystemInit) referenced from startup_stm32f030x8.o(.text)
 <LI><a href="#[15]">TIM14_IRQHandler</a> from startup_stm32f030x8.o(.text) referenced from startup_stm32f030x8.o(RESET)
 <LI><a href="#[16]">TIM15_IRQHandler</a> from startup_stm32f030x8.o(.text) referenced from startup_stm32f030x8.o(RESET)
 <LI><a href="#[17]">TIM16_IRQHandler</a> from startup_stm32f030x8.o(.text) referenced from startup_stm32f030x8.o(RESET)
 <LI><a href="#[18]">TIM17_IRQHandler</a> from startup_stm32f030x8.o(.text) referenced from startup_stm32f030x8.o(RESET)
 <LI><a href="#[11]">TIM1_BRK_UP_TRG_COM_IRQHandler</a> from startup_stm32f030x8.o(.text) referenced from startup_stm32f030x8.o(RESET)
 <LI><a href="#[12]">TIM1_CC_IRQHandler</a> from startup_stm32f030x8.o(.text) referenced from startup_stm32f030x8.o(RESET)
 <LI><a href="#[13]">TIM3_IRQHandler</a> from stm32f0xx_it.o(i.TIM3_IRQHandler) referenced from startup_stm32f030x8.o(RESET)
 <LI><a href="#[14]">TIM6_IRQHandler</a> from startup_stm32f030x8.o(.text) referenced from startup_stm32f030x8.o(RESET)
 <LI><a href="#[1d]">USART1_IRQHandler</a> from startup_stm32f030x8.o(.text) referenced from startup_stm32f030x8.o(RESET)
 <LI><a href="#[1e]">USART2_IRQHandler</a> from startup_stm32f030x8.o(.text) referenced from startup_stm32f030x8.o(RESET)
 <LI><a href="#[6]">WWDG_IRQHandler</a> from startup_stm32f030x8.o(.text) referenced from startup_stm32f030x8.o(RESET)
 <LI><a href="#[21]">__main</a> from entry.o(.ARM.Collect$$$$00000000) referenced from startup_stm32f030x8.o(.text)
 <LI><a href="#[1f]">main</a> from main.o(i.main) referenced from entry9a.o(.ARM.Collect$$$$0000000B)
</UL>
<P>
<H3>
Global Symbols
</H3>
<P><STRONG><a name="[21]"></a>__main</STRONG> (Thumb, 0 bytes, Stack size unknown bytes, entry.o(.ARM.Collect$$$$00000000))
<BR>[Address Reference Count : 1]<UL><LI> startup_stm32f030x8.o(.text)
</UL>
<P><STRONG><a name="[81]"></a>_main_stk</STRONG> (Thumb, 0 bytes, Stack size unknown bytes, entry2.o(.ARM.Collect$$$$00000001))

<P><STRONG><a name="[22]"></a>_main_scatterload</STRONG> (Thumb, 0 bytes, Stack size unknown bytes, entry5.o(.ARM.Collect$$$$00000004))
<BR><BR>[Calls]<UL><LI><a href="#[23]">&gt;&gt;</a>&nbsp;&nbsp;&nbsp;__scatterload
</UL>

<P><STRONG><a name="[33]"></a>__main_after_scatterload</STRONG> (Thumb, 0 bytes, Stack size unknown bytes, entry5.o(.ARM.Collect$$$$00000004))
<BR><BR>[Called By]<UL><LI><a href="#[23]">&gt;&gt;</a>&nbsp;&nbsp;&nbsp;__scatterload
</UL>

<P><STRONG><a name="[82]"></a>_main_clock</STRONG> (Thumb, 0 bytes, Stack size unknown bytes, entry7b.o(.ARM.Collect$$$$00000008))

<P><STRONG><a name="[83]"></a>_main_cpp_init</STRONG> (Thumb, 0 bytes, Stack size unknown bytes, entry8b.o(.ARM.Collect$$$$0000000A))

<P><STRONG><a name="[84]"></a>_main_init</STRONG> (Thumb, 0 bytes, Stack size unknown bytes, entry9a.o(.ARM.Collect$$$$0000000B))

<P><STRONG><a name="[85]"></a>__rt_final_cpp</STRONG> (Thumb, 0 bytes, Stack size unknown bytes, entry10a.o(.ARM.Collect$$$$0000000D))

<P><STRONG><a name="[86]"></a>__rt_final_exit</STRONG> (Thumb, 0 bytes, Stack size unknown bytes, entry11a.o(.ARM.Collect$$$$0000000F))

<P><STRONG><a name="[0]"></a>Reset_Handler</STRONG> (Thumb, 8 bytes, Stack size 0 bytes, startup_stm32f030x8.o(.text))
<BR>[Address Reference Count : 1]<UL><LI> startup_stm32f030x8.o(RESET)
</UL>
<P><STRONG><a name="[10]"></a>ADC1_IRQHandler</STRONG> (Thumb, 0 bytes, Stack size 0 bytes, startup_stm32f030x8.o(.text))
<BR><BR>[Calls]<UL><LI><a href="#[10]">&gt;&gt;</a>&nbsp;&nbsp;&nbsp;ADC1_IRQHandler
</UL>
<BR>[Called By]<UL><LI><a href="#[10]">&gt;&gt;</a>&nbsp;&nbsp;&nbsp;ADC1_IRQHandler
</UL>
<BR>[Address Reference Count : 1]<UL><LI> startup_stm32f030x8.o(RESET)
</UL>
<P><STRONG><a name="[d]"></a>DMA1_Channel1_IRQHandler</STRONG> (Thumb, 0 bytes, Stack size 0 bytes, startup_stm32f030x8.o(.text))
<BR>[Address Reference Count : 1]<UL><LI> startup_stm32f030x8.o(RESET)
</UL>
<P><STRONG><a name="[e]"></a>DMA1_Channel2_3_IRQHandler</STRONG> (Thumb, 0 bytes, Stack size 0 bytes, startup_stm32f030x8.o(.text))
<BR>[Address Reference Count : 1]<UL><LI> startup_stm32f030x8.o(RESET)
</UL>
<P><STRONG><a name="[f]"></a>DMA1_Channel4_5_IRQHandler</STRONG> (Thumb, 0 bytes, Stack size 0 bytes, startup_stm32f030x8.o(.text))
<BR>[Address Reference Count : 1]<UL><LI> startup_stm32f030x8.o(RESET)
</UL>
<P><STRONG><a name="[a]"></a>EXTI0_1_IRQHandler</STRONG> (Thumb, 0 bytes, Stack size 0 bytes, startup_stm32f030x8.o(.text))
<BR>[Address Reference Count : 1]<UL><LI> startup_stm32f030x8.o(RESET)
</UL>
<P><STRONG><a name="[b]"></a>EXTI2_3_IRQHandler</STRONG> (Thumb, 0 bytes, Stack size 0 bytes, startup_stm32f030x8.o(.text))
<BR>[Address Reference Count : 1]<UL><LI> startup_stm32f030x8.o(RESET)
</UL>
<P><STRONG><a name="[8]"></a>FLASH_IRQHandler</STRONG> (Thumb, 0 bytes, Stack size 0 bytes, startup_stm32f030x8.o(.text))
<BR>[Address Reference Count : 1]<UL><LI> startup_stm32f030x8.o(RESET)
</UL>
<P><STRONG><a name="[19]"></a>I2C1_IRQHandler</STRONG> (Thumb, 0 bytes, Stack size 0 bytes, startup_stm32f030x8.o(.text))
<BR>[Address Reference Count : 1]<UL><LI> startup_stm32f030x8.o(RESET)
</UL>
<P><STRONG><a name="[1a]"></a>I2C2_IRQHandler</STRONG> (Thumb, 0 bytes, Stack size 0 bytes, startup_stm32f030x8.o(.text))
<BR>[Address Reference Count : 1]<UL><LI> startup_stm32f030x8.o(RESET)
</UL>
<P><STRONG><a name="[9]"></a>RCC_IRQHandler</STRONG> (Thumb, 0 bytes, Stack size 0 bytes, startup_stm32f030x8.o(.text))
<BR>[Address Reference Count : 1]<UL><LI> startup_stm32f030x8.o(RESET)
</UL>
<P><STRONG><a name="[7]"></a>RTC_IRQHandler</STRONG> (Thumb, 0 bytes, Stack size 0 bytes, startup_stm32f030x8.o(.text))
<BR>[Address Reference Count : 1]<UL><LI> startup_stm32f030x8.o(RESET)
</UL>
<P><STRONG><a name="[1b]"></a>SPI1_IRQHandler</STRONG> (Thumb, 0 bytes, Stack size 0 bytes, startup_stm32f030x8.o(.text))
<BR>[Address Reference Count : 1]<UL><LI> startup_stm32f030x8.o(RESET)
</UL>
<P><STRONG><a name="[1c]"></a>SPI2_IRQHandler</STRONG> (Thumb, 0 bytes, Stack size 0 bytes, startup_stm32f030x8.o(.text))
<BR>[Address Reference Count : 1]<UL><LI> startup_stm32f030x8.o(RESET)
</UL>
<P><STRONG><a name="[15]"></a>TIM14_IRQHandler</STRONG> (Thumb, 0 bytes, Stack size 0 bytes, startup_stm32f030x8.o(.text))
<BR>[Address Reference Count : 1]<UL><LI> startup_stm32f030x8.o(RESET)
</UL>
<P><STRONG><a name="[16]"></a>TIM15_IRQHandler</STRONG> (Thumb, 0 bytes, Stack size 0 bytes, startup_stm32f030x8.o(.text))
<BR>[Address Reference Count : 1]<UL><LI> startup_stm32f030x8.o(RESET)
</UL>
<P><STRONG><a name="[17]"></a>TIM16_IRQHandler</STRONG> (Thumb, 0 bytes, Stack size 0 bytes, startup_stm32f030x8.o(.text))
<BR>[Address Reference Count : 1]<UL><LI> startup_stm32f030x8.o(RESET)
</UL>
<P><STRONG><a name="[18]"></a>TIM17_IRQHandler</STRONG> (Thumb, 0 bytes, Stack size 0 bytes, startup_stm32f030x8.o(.text))
<BR>[Address Reference Count : 1]<UL><LI> startup_stm32f030x8.o(RESET)
</UL>
<P><STRONG><a name="[11]"></a>TIM1_BRK_UP_TRG_COM_IRQHandler</STRONG> (Thumb, 0 bytes, Stack size 0 bytes, startup_stm32f030x8.o(.text))
<BR>[Address Reference Count : 1]<UL><LI> startup_stm32f030x8.o(RESET)
</UL>
<P><STRONG><a name="[12]"></a>TIM1_CC_IRQHandler</STRONG> (Thumb, 0 bytes, Stack size 0 bytes, startup_stm32f030x8.o(.text))
<BR>[Address Reference Count : 1]<UL><LI> startup_stm32f030x8.o(RESET)
</UL>
<P><STRONG><a name="[14]"></a>TIM6_IRQHandler</STRONG> (Thumb, 0 bytes, Stack size 0 bytes, startup_stm32f030x8.o(.text))
<BR>[Address Reference Count : 1]<UL><LI> startup_stm32f030x8.o(RESET)
</UL>
<P><STRONG><a name="[1d]"></a>USART1_IRQHandler</STRONG> (Thumb, 0 bytes, Stack size 0 bytes, startup_stm32f030x8.o(.text))
<BR>[Address Reference Count : 1]<UL><LI> startup_stm32f030x8.o(RESET)
</UL>
<P><STRONG><a name="[1e]"></a>USART2_IRQHandler</STRONG> (Thumb, 0 bytes, Stack size 0 bytes, startup_stm32f030x8.o(.text))
<BR>[Address Reference Count : 1]<UL><LI> startup_stm32f030x8.o(RESET)
</UL>
<P><STRONG><a name="[6]"></a>WWDG_IRQHandler</STRONG> (Thumb, 0 bytes, Stack size 0 bytes, startup_stm32f030x8.o(.text))
<BR>[Address Reference Count : 1]<UL><LI> startup_stm32f030x8.o(RESET)
</UL>
<P><STRONG><a name="[87]"></a>__aeabi_uidiv</STRONG> (Thumb, 0 bytes, Stack size 12 bytes, uidiv.o(.text), UNUSED)

<P><STRONG><a name="[25]"></a>__aeabi_uidivmod</STRONG> (Thumb, 44 bytes, Stack size 12 bytes, uidiv.o(.text))
<BR><BR>[Stack]<UL><LI>Max Depth = 12<LI>Call Chain = __aeabi_uidivmod
</UL>
<BR>[Called By]<UL><LI><a href="#[6d]">&gt;&gt;</a>&nbsp;&nbsp;&nbsp;SystemClock_Config
<LI><a href="#[3d]">&gt;&gt;</a>&nbsp;&nbsp;&nbsp;HAL_InitTick
<LI><a href="#[44]">&gt;&gt;</a>&nbsp;&nbsp;&nbsp;HAL_RCC_GetSysClockFreq
<LI><a href="#[24]">&gt;&gt;</a>&nbsp;&nbsp;&nbsp;__aeabi_idivmod
</UL>

<P><STRONG><a name="[88]"></a>__aeabi_idiv</STRONG> (Thumb, 0 bytes, Stack size 16 bytes, idiv.o(.text), UNUSED)

<P><STRONG><a name="[24]"></a>__aeabi_idivmod</STRONG> (Thumb, 40 bytes, Stack size 16 bytes, idiv.o(.text))
<BR><BR>[Stack]<UL><LI>Max Depth = 28<LI>Call Chain = __aeabi_idivmod &rArr; __aeabi_uidivmod
</UL>
<BR>[Calls]<UL><LI><a href="#[25]">&gt;&gt;</a>&nbsp;&nbsp;&nbsp;__aeabi_uidivmod
</UL>
<BR>[Called By]<UL><LI><a href="#[1f]">&gt;&gt;</a>&nbsp;&nbsp;&nbsp;main
</UL>

<P><STRONG><a name="[29]"></a>__aeabi_llsr</STRONG> (Thumb, 34 bytes, Stack size 8 bytes, llushr.o(.text))
<BR><BR>[Stack]<UL><LI>Max Depth = 8<LI>Call Chain = __aeabi_llsr
</UL>
<BR>[Called By]<UL><LI><a href="#[28]">&gt;&gt;</a>&nbsp;&nbsp;&nbsp;__aeabi_d2uiz
<LI><a href="#[34]">&gt;&gt;</a>&nbsp;&nbsp;&nbsp;_dsqrt
<LI><a href="#[27]">&gt;&gt;</a>&nbsp;&nbsp;&nbsp;_double_epilogue
</UL>

<P><STRONG><a name="[89]"></a>_ll_ushift_r</STRONG> (Thumb, 0 bytes, Stack size 8 bytes, llushr.o(.text), UNUSED)

<P><STRONG><a name="[26]"></a>__aeabi_i2d</STRONG> (Thumb, 34 bytes, Stack size 16 bytes, dflti.o(.text))
<BR><BR>[Stack]<UL><LI>Max Depth = 72<LI>Call Chain = __aeabi_i2d &rArr; _double_epilogue &rArr; __aeabi_llsl
</UL>
<BR>[Calls]<UL><LI><a href="#[27]">&gt;&gt;</a>&nbsp;&nbsp;&nbsp;_double_epilogue
</UL>
<BR>[Called By]<UL><LI><a href="#[76]">&gt;&gt;</a>&nbsp;&nbsp;&nbsp;neko_led_test
<LI><a href="#[7b]">&gt;&gt;</a>&nbsp;&nbsp;&nbsp;pow
</UL>

<P><STRONG><a name="[28]"></a>__aeabi_d2uiz</STRONG> (Thumb, 50 bytes, Stack size 8 bytes, dfixui.o(.text))
<BR><BR>[Stack]<UL><LI>Max Depth = 16<LI>Call Chain = __aeabi_d2uiz &rArr; __aeabi_llsr
</UL>
<BR>[Calls]<UL><LI><a href="#[29]">&gt;&gt;</a>&nbsp;&nbsp;&nbsp;__aeabi_llsr
</UL>
<BR>[Called By]<UL><LI><a href="#[76]">&gt;&gt;</a>&nbsp;&nbsp;&nbsp;neko_led_test
</UL>

<P><STRONG><a name="[8a]"></a>__I$use$fp</STRONG> (Thumb, 0 bytes, Stack size 8 bytes, iusefp.o(.text), UNUSED)

<P><STRONG><a name="[2c]"></a>_double_round</STRONG> (Thumb, 26 bytes, Stack size 8 bytes, depilogue.o(.text))
<BR><BR>[Stack]<UL><LI>Max Depth = 8<LI>Call Chain = _double_round
</UL>
<BR>[Called By]<UL><LI><a href="#[34]">&gt;&gt;</a>&nbsp;&nbsp;&nbsp;_dsqrt
<LI><a href="#[27]">&gt;&gt;</a>&nbsp;&nbsp;&nbsp;_double_epilogue
<LI><a href="#[32]">&gt;&gt;</a>&nbsp;&nbsp;&nbsp;__aeabi_ddiv
<LI><a href="#[2d]">&gt;&gt;</a>&nbsp;&nbsp;&nbsp;__aeabi_dadd
</UL>

<P><STRONG><a name="[27]"></a>_double_epilogue</STRONG> (Thumb, 164 bytes, Stack size 48 bytes, depilogue.o(.text))
<BR><BR>[Stack]<UL><LI>Max Depth = 56<LI>Call Chain = _double_epilogue &rArr; __aeabi_llsl
</UL>
<BR>[Calls]<UL><LI><a href="#[2b]">&gt;&gt;</a>&nbsp;&nbsp;&nbsp;__aeabi_llsl
<LI><a href="#[2a]">&gt;&gt;</a>&nbsp;&nbsp;&nbsp;__ARM_clz
<LI><a href="#[2c]">&gt;&gt;</a>&nbsp;&nbsp;&nbsp;_double_round
<LI><a href="#[29]">&gt;&gt;</a>&nbsp;&nbsp;&nbsp;__aeabi_llsr
</UL>
<BR>[Called By]<UL><LI><a href="#[26]">&gt;&gt;</a>&nbsp;&nbsp;&nbsp;__aeabi_i2d
<LI><a href="#[31]">&gt;&gt;</a>&nbsp;&nbsp;&nbsp;__aeabi_dmul
<LI><a href="#[2d]">&gt;&gt;</a>&nbsp;&nbsp;&nbsp;__aeabi_dadd
</UL>

<P><STRONG><a name="[2d]"></a>__aeabi_dadd</STRONG> (Thumb, 328 bytes, Stack size 48 bytes, dadd.o(.text))
<BR><BR>[Stack]<UL><LI>Max Depth = 104<LI>Call Chain = __aeabi_dadd &rArr; _double_epilogue &rArr; __aeabi_llsl
</UL>
<BR>[Calls]<UL><LI><a href="#[2e]">&gt;&gt;</a>&nbsp;&nbsp;&nbsp;__aeabi_lasr
<LI><a href="#[2b]">&gt;&gt;</a>&nbsp;&nbsp;&nbsp;__aeabi_llsl
<LI><a href="#[2c]">&gt;&gt;</a>&nbsp;&nbsp;&nbsp;_double_round
<LI><a href="#[27]">&gt;&gt;</a>&nbsp;&nbsp;&nbsp;_double_epilogue
</UL>
<BR>[Called By]<UL><LI><a href="#[6f]">&gt;&gt;</a>&nbsp;&nbsp;&nbsp;__kernel_poly
<LI><a href="#[71]">&gt;&gt;</a>&nbsp;&nbsp;&nbsp;__mathlib_dbl_infnan2
<LI><a href="#[2f]">&gt;&gt;</a>&nbsp;&nbsp;&nbsp;__aeabi_dsub
<LI><a href="#[30]">&gt;&gt;</a>&nbsp;&nbsp;&nbsp;__aeabi_drsub
<LI><a href="#[7b]">&gt;&gt;</a>&nbsp;&nbsp;&nbsp;pow
</UL>

<P><STRONG><a name="[2f]"></a>__aeabi_dsub</STRONG> (Thumb, 12 bytes, Stack size 8 bytes, dadd.o(.text))
<BR><BR>[Stack]<UL><LI>Max Depth = 112<LI>Call Chain = __aeabi_dsub &rArr; __aeabi_dadd &rArr; _double_epilogue &rArr; __aeabi_llsl
</UL>
<BR>[Calls]<UL><LI><a href="#[2d]">&gt;&gt;</a>&nbsp;&nbsp;&nbsp;__aeabi_dadd
</UL>
<BR>[Called By]<UL><LI><a href="#[7b]">&gt;&gt;</a>&nbsp;&nbsp;&nbsp;pow
</UL>

<P><STRONG><a name="[30]"></a>__aeabi_drsub</STRONG> (Thumb, 12 bytes, Stack size 8 bytes, dadd.o(.text))
<BR><BR>[Stack]<UL><LI>Max Depth = 112<LI>Call Chain = __aeabi_drsub &rArr; __aeabi_dadd &rArr; _double_epilogue &rArr; __aeabi_llsl
</UL>
<BR>[Calls]<UL><LI><a href="#[2d]">&gt;&gt;</a>&nbsp;&nbsp;&nbsp;__aeabi_dadd
</UL>
<BR>[Called By]<UL><LI><a href="#[7b]">&gt;&gt;</a>&nbsp;&nbsp;&nbsp;pow
</UL>

<P><STRONG><a name="[31]"></a>__aeabi_dmul</STRONG> (Thumb, 202 bytes, Stack size 72 bytes, dmul.o(.text))
<BR><BR>[Stack]<UL><LI>Max Depth = 128<LI>Call Chain = __aeabi_dmul &rArr; _double_epilogue &rArr; __aeabi_llsl
</UL>
<BR>[Calls]<UL><LI><a href="#[27]">&gt;&gt;</a>&nbsp;&nbsp;&nbsp;_double_epilogue
</UL>
<BR>[Called By]<UL><LI><a href="#[6f]">&gt;&gt;</a>&nbsp;&nbsp;&nbsp;__kernel_poly
<LI><a href="#[7b]">&gt;&gt;</a>&nbsp;&nbsp;&nbsp;pow
</UL>

<P><STRONG><a name="[32]"></a>__aeabi_ddiv</STRONG> (Thumb, 234 bytes, Stack size 40 bytes, ddiv.o(.text))
<BR><BR>[Stack]<UL><LI>Max Depth = 48<LI>Call Chain = __aeabi_ddiv &rArr; _double_round
</UL>
<BR>[Calls]<UL><LI><a href="#[2c]">&gt;&gt;</a>&nbsp;&nbsp;&nbsp;_double_round
</UL>
<BR>[Called By]<UL><LI><a href="#[72]">&gt;&gt;</a>&nbsp;&nbsp;&nbsp;__mathlib_dbl_invalid
<LI><a href="#[70]">&gt;&gt;</a>&nbsp;&nbsp;&nbsp;__mathlib_dbl_divzero
<LI><a href="#[7b]">&gt;&gt;</a>&nbsp;&nbsp;&nbsp;pow
</UL>

<P><STRONG><a name="[74]"></a>__ARM_scalbn</STRONG> (Thumb, 44 bytes, Stack size 16 bytes, dscalb.o(.text))
<BR><BR>[Stack]<UL><LI>Max Depth = 16<LI>Call Chain = __ARM_scalbn
</UL>
<BR>[Called By]<UL><LI><a href="#[75]">&gt;&gt;</a>&nbsp;&nbsp;&nbsp;__mathlib_dbl_underflow
<LI><a href="#[73]">&gt;&gt;</a>&nbsp;&nbsp;&nbsp;__mathlib_dbl_overflow
<LI><a href="#[7b]">&gt;&gt;</a>&nbsp;&nbsp;&nbsp;pow
</UL>

<P><STRONG><a name="[8b]"></a>scalbn</STRONG> (Thumb, 0 bytes, Stack size 16 bytes, dscalb.o(.text), UNUSED)

<P><STRONG><a name="[7f]"></a>__aeabi_cdrcmple</STRONG> (Thumb, 38 bytes, Stack size 0 bytes, cdrcmple.o(.text))
<BR><BR>[Called By]<UL><LI><a href="#[7b]">&gt;&gt;</a>&nbsp;&nbsp;&nbsp;pow
</UL>

<P><STRONG><a name="[23]"></a>__scatterload</STRONG> (Thumb, 28 bytes, Stack size 0 bytes, init.o(.text))
<BR><BR>[Calls]<UL><LI><a href="#[33]">&gt;&gt;</a>&nbsp;&nbsp;&nbsp;__main_after_scatterload
</UL>
<BR>[Called By]<UL><LI><a href="#[22]">&gt;&gt;</a>&nbsp;&nbsp;&nbsp;_main_scatterload
</UL>

<P><STRONG><a name="[8c]"></a>__scatterload_rt2</STRONG> (Thumb, 0 bytes, Stack size 0 bytes, init.o(.text), UNUSED)

<P><STRONG><a name="[2b]"></a>__aeabi_llsl</STRONG> (Thumb, 32 bytes, Stack size 8 bytes, llshl.o(.text))
<BR><BR>[Stack]<UL><LI>Max Depth = 8<LI>Call Chain = __aeabi_llsl
</UL>
<BR>[Called By]<UL><LI><a href="#[27]">&gt;&gt;</a>&nbsp;&nbsp;&nbsp;_double_epilogue
<LI><a href="#[2d]">&gt;&gt;</a>&nbsp;&nbsp;&nbsp;__aeabi_dadd
</UL>

<P><STRONG><a name="[8d]"></a>_ll_shift_l</STRONG> (Thumb, 0 bytes, Stack size 8 bytes, llshl.o(.text), UNUSED)

<P><STRONG><a name="[2e]"></a>__aeabi_lasr</STRONG> (Thumb, 38 bytes, Stack size 8 bytes, llsshr.o(.text))
<BR><BR>[Stack]<UL><LI>Max Depth = 8<LI>Call Chain = __aeabi_lasr
</UL>
<BR>[Called By]<UL><LI><a href="#[2d]">&gt;&gt;</a>&nbsp;&nbsp;&nbsp;__aeabi_dadd
</UL>

<P><STRONG><a name="[8e]"></a>_ll_sshift_r</STRONG> (Thumb, 0 bytes, Stack size 8 bytes, llsshr.o(.text), UNUSED)

<P><STRONG><a name="[34]"></a>_dsqrt</STRONG> (Thumb, 162 bytes, Stack size 32 bytes, dsqrt.o(.text))
<BR><BR>[Stack]<UL><LI>Max Depth = 40<LI>Call Chain = _dsqrt &rArr; _double_round
</UL>
<BR>[Calls]<UL><LI><a href="#[2c]">&gt;&gt;</a>&nbsp;&nbsp;&nbsp;_double_round
<LI><a href="#[29]">&gt;&gt;</a>&nbsp;&nbsp;&nbsp;__aeabi_llsr
</UL>
<BR>[Called By]<UL><LI><a href="#[7e]">&gt;&gt;</a>&nbsp;&nbsp;&nbsp;sqrt
</UL>

<P><STRONG><a name="[c]"></a>EXTI4_15_IRQHandler</STRONG> (Thumb, 12 bytes, Stack size 8 bytes, stm32f0xx_it.o(i.EXTI4_15_IRQHandler))
<BR><BR>[Stack]<UL><LI>Max Depth = 16<LI>Call Chain = EXTI4_15_IRQHandler &rArr; HAL_GPIO_EXTI_IRQHandler
</UL>
<BR>[Calls]<UL><LI><a href="#[35]">&gt;&gt;</a>&nbsp;&nbsp;&nbsp;HAL_GPIO_EXTI_IRQHandler
</UL>
<BR>[Address Reference Count : 1]<UL><LI> startup_stm32f030x8.o(RESET)
</UL>
<P><STRONG><a name="[36]"></a>HAL_Delay</STRONG> (Thumb, 28 bytes, Stack size 16 bytes, stm32f0xx_hal.o(i.HAL_Delay))
<BR><BR>[Stack]<UL><LI>Max Depth = 16<LI>Call Chain = HAL_Delay
</UL>
<BR>[Calls]<UL><LI><a href="#[37]">&gt;&gt;</a>&nbsp;&nbsp;&nbsp;HAL_GetTick
</UL>
<BR>[Called By]<UL><LI><a href="#[77]">&gt;&gt;</a>&nbsp;&nbsp;&nbsp;neko_waveAnimation
<LI><a href="#[76]">&gt;&gt;</a>&nbsp;&nbsp;&nbsp;neko_led_test
<LI><a href="#[7a]">&gt;&gt;</a>&nbsp;&nbsp;&nbsp;neko_blinkTwiceAnimation
<LI><a href="#[79]">&gt;&gt;</a>&nbsp;&nbsp;&nbsp;neko_blinkOnceAnimation
</UL>

<P><STRONG><a name="[38]"></a>HAL_GPIO_EXTI_Callback</STRONG> (Thumb, 2 bytes, Stack size 0 bytes, stm32f0xx_hal_gpio.o(i.HAL_GPIO_EXTI_Callback))
<BR><BR>[Called By]<UL><LI><a href="#[35]">&gt;&gt;</a>&nbsp;&nbsp;&nbsp;HAL_GPIO_EXTI_IRQHandler
</UL>

<P><STRONG><a name="[35]"></a>HAL_GPIO_EXTI_IRQHandler</STRONG> (Thumb, 18 bytes, Stack size 8 bytes, stm32f0xx_hal_gpio.o(i.HAL_GPIO_EXTI_IRQHandler))
<BR><BR>[Stack]<UL><LI>Max Depth = 8<LI>Call Chain = HAL_GPIO_EXTI_IRQHandler
</UL>
<BR>[Calls]<UL><LI><a href="#[38]">&gt;&gt;</a>&nbsp;&nbsp;&nbsp;HAL_GPIO_EXTI_Callback
</UL>
<BR>[Called By]<UL><LI><a href="#[c]">&gt;&gt;</a>&nbsp;&nbsp;&nbsp;EXTI4_15_IRQHandler
</UL>

<P><STRONG><a name="[3b]"></a>HAL_GPIO_Init</STRONG> (Thumb, 302 bytes, Stack size 24 bytes, stm32f0xx_hal_gpio.o(i.HAL_GPIO_Init))
<BR><BR>[Stack]<UL><LI>Max Depth = 24<LI>Call Chain = HAL_GPIO_Init
</UL>
<BR>[Called By]<UL><LI><a href="#[3a]">&gt;&gt;</a>&nbsp;&nbsp;&nbsp;HAL_I2C_MspInit
<LI><a href="#[59]">&gt;&gt;</a>&nbsp;&nbsp;&nbsp;HAL_TIM_MspPostInit
<LI><a href="#[63]">&gt;&gt;</a>&nbsp;&nbsp;&nbsp;MX_GPIO_Init
</UL>

<P><STRONG><a name="[64]"></a>HAL_GPIO_WritePin</STRONG> (Thumb, 12 bytes, Stack size 0 bytes, stm32f0xx_hal_gpio.o(i.HAL_GPIO_WritePin))
<BR><BR>[Called By]<UL><LI><a href="#[77]">&gt;&gt;</a>&nbsp;&nbsp;&nbsp;neko_waveAnimation
<LI><a href="#[76]">&gt;&gt;</a>&nbsp;&nbsp;&nbsp;neko_led_test
<LI><a href="#[7a]">&gt;&gt;</a>&nbsp;&nbsp;&nbsp;neko_blinkTwiceAnimation
<LI><a href="#[79]">&gt;&gt;</a>&nbsp;&nbsp;&nbsp;neko_blinkOnceAnimation
<LI><a href="#[1f]">&gt;&gt;</a>&nbsp;&nbsp;&nbsp;main
<LI><a href="#[63]">&gt;&gt;</a>&nbsp;&nbsp;&nbsp;MX_GPIO_Init
</UL>

<P><STRONG><a name="[37]"></a>HAL_GetTick</STRONG> (Thumb, 6 bytes, Stack size 0 bytes, stm32f0xx_hal.o(i.HAL_GetTick))
<BR><BR>[Called By]<UL><LI><a href="#[45]">&gt;&gt;</a>&nbsp;&nbsp;&nbsp;HAL_RCC_OscConfig
<LI><a href="#[43]">&gt;&gt;</a>&nbsp;&nbsp;&nbsp;HAL_RCC_ClockConfig
<LI><a href="#[36]">&gt;&gt;</a>&nbsp;&nbsp;&nbsp;HAL_Delay
</UL>

<P><STRONG><a name="[66]"></a>HAL_I2CEx_ConfigAnalogFilter</STRONG> (Thumb, 74 bytes, Stack size 16 bytes, stm32f0xx_hal_i2c_ex.o(i.HAL_I2CEx_ConfigAnalogFilter))
<BR><BR>[Stack]<UL><LI>Max Depth = 16<LI>Call Chain = HAL_I2CEx_ConfigAnalogFilter
</UL>
<BR>[Called By]<UL><LI><a href="#[65]">&gt;&gt;</a>&nbsp;&nbsp;&nbsp;MX_I2C2_Init
</UL>

<P><STRONG><a name="[67]"></a>HAL_I2CEx_ConfigDigitalFilter</STRONG> (Thumb, 72 bytes, Stack size 16 bytes, stm32f0xx_hal_i2c_ex.o(i.HAL_I2CEx_ConfigDigitalFilter))
<BR><BR>[Stack]<UL><LI>Max Depth = 16<LI>Call Chain = HAL_I2CEx_ConfigDigitalFilter
</UL>
<BR>[Called By]<UL><LI><a href="#[65]">&gt;&gt;</a>&nbsp;&nbsp;&nbsp;MX_I2C2_Init
</UL>

<P><STRONG><a name="[39]"></a>HAL_I2C_Init</STRONG> (Thumb, 176 bytes, Stack size 16 bytes, stm32f0xx_hal_i2c.o(i.HAL_I2C_Init))
<BR><BR>[Stack]<UL><LI>Max Depth = 72<LI>Call Chain = HAL_I2C_Init &rArr; HAL_I2C_MspInit &rArr; HAL_GPIO_Init
</UL>
<BR>[Calls]<UL><LI><a href="#[3a]">&gt;&gt;</a>&nbsp;&nbsp;&nbsp;HAL_I2C_MspInit
</UL>
<BR>[Called By]<UL><LI><a href="#[65]">&gt;&gt;</a>&nbsp;&nbsp;&nbsp;MX_I2C2_Init
</UL>

<P><STRONG><a name="[3a]"></a>HAL_I2C_MspInit</STRONG> (Thumb, 58 bytes, Stack size 32 bytes, stm32f0xx_hal_msp.o(i.HAL_I2C_MspInit))
<BR><BR>[Stack]<UL><LI>Max Depth = 56<LI>Call Chain = HAL_I2C_MspInit &rArr; HAL_GPIO_Init
</UL>
<BR>[Calls]<UL><LI><a href="#[3b]">&gt;&gt;</a>&nbsp;&nbsp;&nbsp;HAL_GPIO_Init
</UL>
<BR>[Called By]<UL><LI><a href="#[39]">&gt;&gt;</a>&nbsp;&nbsp;&nbsp;HAL_I2C_Init
</UL>

<P><STRONG><a name="[6c]"></a>HAL_IncTick</STRONG> (Thumb, 10 bytes, Stack size 0 bytes, stm32f0xx_hal.o(i.HAL_IncTick))
<BR><BR>[Called By]<UL><LI><a href="#[5]">&gt;&gt;</a>&nbsp;&nbsp;&nbsp;SysTick_Handler
</UL>

<P><STRONG><a name="[3c]"></a>HAL_Init</STRONG> (Thumb, 26 bytes, Stack size 8 bytes, stm32f0xx_hal.o(i.HAL_Init))
<BR><BR>[Stack]<UL><LI>Max Depth = 28<LI>Call Chain = HAL_Init &rArr; HAL_InitTick &rArr; __aeabi_uidivmod
</UL>
<BR>[Calls]<UL><LI><a href="#[3e]">&gt;&gt;</a>&nbsp;&nbsp;&nbsp;HAL_MspInit
<LI><a href="#[3d]">&gt;&gt;</a>&nbsp;&nbsp;&nbsp;HAL_InitTick
</UL>
<BR>[Called By]<UL><LI><a href="#[1f]">&gt;&gt;</a>&nbsp;&nbsp;&nbsp;main
</UL>

<P><STRONG><a name="[3d]"></a>HAL_InitTick</STRONG> (Thumb, 34 bytes, Stack size 8 bytes, stm32f0xx_hal.o(i.HAL_InitTick))
<BR><BR>[Stack]<UL><LI>Max Depth = 20<LI>Call Chain = HAL_InitTick &rArr; __aeabi_uidivmod
</UL>
<BR>[Calls]<UL><LI><a href="#[40]">&gt;&gt;</a>&nbsp;&nbsp;&nbsp;HAL_SYSTICK_Config
<LI><a href="#[3f]">&gt;&gt;</a>&nbsp;&nbsp;&nbsp;HAL_RCC_GetHCLKFreq
<LI><a href="#[41]">&gt;&gt;</a>&nbsp;&nbsp;&nbsp;HAL_NVIC_SetPriority
<LI><a href="#[25]">&gt;&gt;</a>&nbsp;&nbsp;&nbsp;__aeabi_uidivmod
</UL>
<BR>[Called By]<UL><LI><a href="#[43]">&gt;&gt;</a>&nbsp;&nbsp;&nbsp;HAL_RCC_ClockConfig
<LI><a href="#[3c]">&gt;&gt;</a>&nbsp;&nbsp;&nbsp;HAL_Init
</UL>

<P><STRONG><a name="[3e]"></a>HAL_MspInit</STRONG> (Thumb, 64 bytes, Stack size 8 bytes, stm32f0xx_hal_msp.o(i.HAL_MspInit))
<BR><BR>[Stack]<UL><LI>Max Depth = 16<LI>Call Chain = HAL_MspInit &rArr; HAL_NVIC_SetPriority
</UL>
<BR>[Calls]<UL><LI><a href="#[41]">&gt;&gt;</a>&nbsp;&nbsp;&nbsp;HAL_NVIC_SetPriority
</UL>
<BR>[Called By]<UL><LI><a href="#[3c]">&gt;&gt;</a>&nbsp;&nbsp;&nbsp;HAL_Init
</UL>

<P><STRONG><a name="[4b]"></a>HAL_NVIC_EnableIRQ</STRONG> (Thumb, 14 bytes, Stack size 0 bytes, stm32f0xx_hal_cortex.o(i.HAL_NVIC_EnableIRQ))
<BR><BR>[Called By]<UL><LI><a href="#[49]">&gt;&gt;</a>&nbsp;&nbsp;&nbsp;HAL_TIM_Base_MspInit
<LI><a href="#[63]">&gt;&gt;</a>&nbsp;&nbsp;&nbsp;MX_GPIO_Init
</UL>

<P><STRONG><a name="[41]"></a>HAL_NVIC_SetPriority</STRONG> (Thumb, 8 bytes, Stack size 8 bytes, stm32f0xx_hal_cortex.o(i.HAL_NVIC_SetPriority))
<BR><BR>[Stack]<UL><LI>Max Depth = 8<LI>Call Chain = HAL_NVIC_SetPriority
</UL>
<BR>[Calls]<UL><LI><a href="#[42]">&gt;&gt;</a>&nbsp;&nbsp;&nbsp;NVIC_SetPriority
</UL>
<BR>[Called By]<UL><LI><a href="#[49]">&gt;&gt;</a>&nbsp;&nbsp;&nbsp;HAL_TIM_Base_MspInit
<LI><a href="#[3e]">&gt;&gt;</a>&nbsp;&nbsp;&nbsp;HAL_MspInit
<LI><a href="#[6d]">&gt;&gt;</a>&nbsp;&nbsp;&nbsp;SystemClock_Config
<LI><a href="#[63]">&gt;&gt;</a>&nbsp;&nbsp;&nbsp;MX_GPIO_Init
<LI><a href="#[3d]">&gt;&gt;</a>&nbsp;&nbsp;&nbsp;HAL_InitTick
</UL>

<P><STRONG><a name="[43]"></a>HAL_RCC_ClockConfig</STRONG> (Thumb, 280 bytes, Stack size 24 bytes, stm32f0xx_hal_rcc.o(i.HAL_RCC_ClockConfig))
<BR><BR>[Stack]<UL><LI>Max Depth = 76<LI>Call Chain = HAL_RCC_ClockConfig &rArr; HAL_RCC_GetSysClockFreq &rArr; __aeabi_uidivmod
</UL>
<BR>[Calls]<UL><LI><a href="#[37]">&gt;&gt;</a>&nbsp;&nbsp;&nbsp;HAL_GetTick
<LI><a href="#[3d]">&gt;&gt;</a>&nbsp;&nbsp;&nbsp;HAL_InitTick
<LI><a href="#[44]">&gt;&gt;</a>&nbsp;&nbsp;&nbsp;HAL_RCC_GetSysClockFreq
</UL>
<BR>[Called By]<UL><LI><a href="#[6d]">&gt;&gt;</a>&nbsp;&nbsp;&nbsp;SystemClock_Config
</UL>

<P><STRONG><a name="[3f]"></a>HAL_RCC_GetHCLKFreq</STRONG> (Thumb, 6 bytes, Stack size 0 bytes, stm32f0xx_hal_rcc.o(i.HAL_RCC_GetHCLKFreq))
<BR><BR>[Called By]<UL><LI><a href="#[6d]">&gt;&gt;</a>&nbsp;&nbsp;&nbsp;SystemClock_Config
<LI><a href="#[3d]">&gt;&gt;</a>&nbsp;&nbsp;&nbsp;HAL_InitTick
</UL>

<P><STRONG><a name="[44]"></a>HAL_RCC_GetSysClockFreq</STRONG> (Thumb, 76 bytes, Stack size 40 bytes, stm32f0xx_hal_rcc.o(i.HAL_RCC_GetSysClockFreq))
<BR><BR>[Stack]<UL><LI>Max Depth = 52<LI>Call Chain = HAL_RCC_GetSysClockFreq &rArr; __aeabi_uidivmod
</UL>
<BR>[Calls]<UL><LI><a href="#[25]">&gt;&gt;</a>&nbsp;&nbsp;&nbsp;__aeabi_uidivmod
</UL>
<BR>[Called By]<UL><LI><a href="#[43]">&gt;&gt;</a>&nbsp;&nbsp;&nbsp;HAL_RCC_ClockConfig
</UL>

<P><STRONG><a name="[45]"></a>HAL_RCC_OscConfig</STRONG> (Thumb, 840 bytes, Stack size 32 bytes, stm32f0xx_hal_rcc.o(i.HAL_RCC_OscConfig))
<BR><BR>[Stack]<UL><LI>Max Depth = 32<LI>Call Chain = HAL_RCC_OscConfig
</UL>
<BR>[Calls]<UL><LI><a href="#[37]">&gt;&gt;</a>&nbsp;&nbsp;&nbsp;HAL_GetTick
</UL>
<BR>[Called By]<UL><LI><a href="#[6d]">&gt;&gt;</a>&nbsp;&nbsp;&nbsp;SystemClock_Config
</UL>

<P><STRONG><a name="[6e]"></a>HAL_SYSTICK_CLKSourceConfig</STRONG> (Thumb, 20 bytes, Stack size 0 bytes, stm32f0xx_hal_cortex.o(i.HAL_SYSTICK_CLKSourceConfig))
<BR><BR>[Called By]<UL><LI><a href="#[6d]">&gt;&gt;</a>&nbsp;&nbsp;&nbsp;SystemClock_Config
</UL>

<P><STRONG><a name="[47]"></a>HAL_SYSTICK_Callback</STRONG> (Thumb, 2 bytes, Stack size 0 bytes, stm32f0xx_hal_cortex.o(i.HAL_SYSTICK_Callback))
<BR><BR>[Called By]<UL><LI><a href="#[46]">&gt;&gt;</a>&nbsp;&nbsp;&nbsp;HAL_SYSTICK_IRQHandler
</UL>

<P><STRONG><a name="[40]"></a>HAL_SYSTICK_Config</STRONG> (Thumb, 38 bytes, Stack size 8 bytes, stm32f0xx_hal_cortex.o(i.HAL_SYSTICK_Config))
<BR><BR>[Stack]<UL><LI>Max Depth = 8<LI>Call Chain = HAL_SYSTICK_Config
</UL>
<BR>[Calls]<UL><LI><a href="#[42]">&gt;&gt;</a>&nbsp;&nbsp;&nbsp;NVIC_SetPriority
</UL>
<BR>[Called By]<UL><LI><a href="#[6d]">&gt;&gt;</a>&nbsp;&nbsp;&nbsp;SystemClock_Config
<LI><a href="#[3d]">&gt;&gt;</a>&nbsp;&nbsp;&nbsp;HAL_InitTick
</UL>

<P><STRONG><a name="[46]"></a>HAL_SYSTICK_IRQHandler</STRONG> (Thumb, 8 bytes, Stack size 8 bytes, stm32f0xx_hal_cortex.o(i.HAL_SYSTICK_IRQHandler))
<BR><BR>[Stack]<UL><LI>Max Depth = 8<LI>Call Chain = HAL_SYSTICK_IRQHandler
</UL>
<BR>[Calls]<UL><LI><a href="#[47]">&gt;&gt;</a>&nbsp;&nbsp;&nbsp;HAL_SYSTICK_Callback
</UL>
<BR>[Called By]<UL><LI><a href="#[5]">&gt;&gt;</a>&nbsp;&nbsp;&nbsp;SysTick_Handler
</UL>

<P><STRONG><a name="[56]"></a>HAL_TIMEx_BreakCallback</STRONG> (Thumb, 2 bytes, Stack size 0 bytes, stm32f0xx_hal_tim_ex.o(i.HAL_TIMEx_BreakCallback))
<BR><BR>[Called By]<UL><LI><a href="#[51]">&gt;&gt;</a>&nbsp;&nbsp;&nbsp;HAL_TIM_IRQHandler
</UL>

<P><STRONG><a name="[58]"></a>HAL_TIMEx_CommutationCallback</STRONG> (Thumb, 2 bytes, Stack size 0 bytes, stm32f0xx_hal_tim_ex.o(i.HAL_TIMEx_CommutationCallback))
<BR><BR>[Called By]<UL><LI><a href="#[51]">&gt;&gt;</a>&nbsp;&nbsp;&nbsp;HAL_TIM_IRQHandler
</UL>

<P><STRONG><a name="[6a]"></a>HAL_TIMEx_ConfigBreakDeadTime</STRONG> (Thumb, 96 bytes, Stack size 16 bytes, stm32f0xx_hal_tim_ex.o(i.HAL_TIMEx_ConfigBreakDeadTime))
<BR><BR>[Stack]<UL><LI>Max Depth = 16<LI>Call Chain = HAL_TIMEx_ConfigBreakDeadTime
</UL>
<BR>[Called By]<UL><LI><a href="#[68]">&gt;&gt;</a>&nbsp;&nbsp;&nbsp;MX_TIM1_Init
</UL>

<P><STRONG><a name="[69]"></a>HAL_TIMEx_MasterConfigSynchronization</STRONG> (Thumb, 72 bytes, Stack size 16 bytes, stm32f0xx_hal_tim_ex.o(i.HAL_TIMEx_MasterConfigSynchronization))
<BR><BR>[Stack]<UL><LI>Max Depth = 16<LI>Call Chain = HAL_TIMEx_MasterConfigSynchronization
</UL>
<BR>[Called By]<UL><LI><a href="#[6b]">&gt;&gt;</a>&nbsp;&nbsp;&nbsp;MX_TIM3_Init
<LI><a href="#[68]">&gt;&gt;</a>&nbsp;&nbsp;&nbsp;MX_TIM1_Init
</UL>

<P><STRONG><a name="[48]"></a>HAL_TIM_Base_Init</STRONG> (Thumb, 52 bytes, Stack size 16 bytes, stm32f0xx_hal_tim.o(i.HAL_TIM_Base_Init))
<BR><BR>[Stack]<UL><LI>Max Depth = 36<LI>Call Chain = HAL_TIM_Base_Init &rArr; TIM_Base_SetConfig
</UL>
<BR>[Calls]<UL><LI><a href="#[49]">&gt;&gt;</a>&nbsp;&nbsp;&nbsp;HAL_TIM_Base_MspInit
<LI><a href="#[4a]">&gt;&gt;</a>&nbsp;&nbsp;&nbsp;TIM_Base_SetConfig
</UL>
<BR>[Called By]<UL><LI><a href="#[6b]">&gt;&gt;</a>&nbsp;&nbsp;&nbsp;MX_TIM3_Init
<LI><a href="#[68]">&gt;&gt;</a>&nbsp;&nbsp;&nbsp;MX_TIM1_Init
</UL>

<P><STRONG><a name="[49]"></a>HAL_TIM_Base_MspInit</STRONG> (Thumb, 66 bytes, Stack size 8 bytes, stm32f0xx_hal_msp.o(i.HAL_TIM_Base_MspInit))
<BR><BR>[Stack]<UL><LI>Max Depth = 16<LI>Call Chain = HAL_TIM_Base_MspInit &rArr; HAL_NVIC_SetPriority
</UL>
<BR>[Calls]<UL><LI><a href="#[41]">&gt;&gt;</a>&nbsp;&nbsp;&nbsp;HAL_NVIC_SetPriority
<LI><a href="#[4b]">&gt;&gt;</a>&nbsp;&nbsp;&nbsp;HAL_NVIC_EnableIRQ
</UL>
<BR>[Called By]<UL><LI><a href="#[48]">&gt;&gt;</a>&nbsp;&nbsp;&nbsp;HAL_TIM_Base_Init
</UL>

<P><STRONG><a name="[78]"></a>HAL_TIM_Base_Start_IT</STRONG> (Thumb, 22 bytes, Stack size 0 bytes, stm32f0xx_hal_tim.o(i.HAL_TIM_Base_Start_IT))
<BR><BR>[Called By]<UL><LI><a href="#[1f]">&gt;&gt;</a>&nbsp;&nbsp;&nbsp;main
</UL>

<P><STRONG><a name="[4c]"></a>HAL_TIM_ConfigClockSource</STRONG> (Thumb, 238 bytes, Stack size 24 bytes, stm32f0xx_hal_tim.o(i.HAL_TIM_ConfigClockSource))
<BR><BR>[Stack]<UL><LI>Max Depth = 36<LI>Call Chain = HAL_TIM_ConfigClockSource &rArr; TIM_ETR_SetConfig
</UL>
<BR>[Calls]<UL><LI><a href="#[4d]">&gt;&gt;</a>&nbsp;&nbsp;&nbsp;TIM_ETR_SetConfig
<LI><a href="#[4f]">&gt;&gt;</a>&nbsp;&nbsp;&nbsp;TIM_TI2_ConfigInputStage
<LI><a href="#[4e]">&gt;&gt;</a>&nbsp;&nbsp;&nbsp;TIM_TI1_ConfigInputStage
<LI><a href="#[50]">&gt;&gt;</a>&nbsp;&nbsp;&nbsp;TIM_ITRx_SetConfig
</UL>
<BR>[Called By]<UL><LI><a href="#[6b]">&gt;&gt;</a>&nbsp;&nbsp;&nbsp;MX_TIM3_Init
<LI><a href="#[68]">&gt;&gt;</a>&nbsp;&nbsp;&nbsp;MX_TIM1_Init
</UL>

<P><STRONG><a name="[52]"></a>HAL_TIM_IC_CaptureCallback</STRONG> (Thumb, 2 bytes, Stack size 0 bytes, stm32f0xx_hal_tim.o(i.HAL_TIM_IC_CaptureCallback))
<BR><BR>[Called By]<UL><LI><a href="#[51]">&gt;&gt;</a>&nbsp;&nbsp;&nbsp;HAL_TIM_IRQHandler
</UL>

<P><STRONG><a name="[51]"></a>HAL_TIM_IRQHandler</STRONG> (Thumb, 354 bytes, Stack size 16 bytes, stm32f0xx_hal_tim.o(i.HAL_TIM_IRQHandler))
<BR><BR>[Stack]<UL><LI>Max Depth = 16<LI>Call Chain = HAL_TIM_IRQHandler
</UL>
<BR>[Calls]<UL><LI><a href="#[55]">&gt;&gt;</a>&nbsp;&nbsp;&nbsp;HAL_TIM_PeriodElapsedCallback
<LI><a href="#[57]">&gt;&gt;</a>&nbsp;&nbsp;&nbsp;HAL_TIM_TriggerCallback
<LI><a href="#[54]">&gt;&gt;</a>&nbsp;&nbsp;&nbsp;HAL_TIM_PWM_PulseFinishedCallback
<LI><a href="#[53]">&gt;&gt;</a>&nbsp;&nbsp;&nbsp;HAL_TIM_OC_DelayElapsedCallback
<LI><a href="#[52]">&gt;&gt;</a>&nbsp;&nbsp;&nbsp;HAL_TIM_IC_CaptureCallback
<LI><a href="#[58]">&gt;&gt;</a>&nbsp;&nbsp;&nbsp;HAL_TIMEx_CommutationCallback
<LI><a href="#[56]">&gt;&gt;</a>&nbsp;&nbsp;&nbsp;HAL_TIMEx_BreakCallback
</UL>
<BR>[Called By]<UL><LI><a href="#[13]">&gt;&gt;</a>&nbsp;&nbsp;&nbsp;TIM3_IRQHandler
</UL>

<P><STRONG><a name="[59]"></a>HAL_TIM_MspPostInit</STRONG> (Thumb, 42 bytes, Stack size 24 bytes, stm32f0xx_hal_msp.o(i.HAL_TIM_MspPostInit))
<BR><BR>[Stack]<UL><LI>Max Depth = 48<LI>Call Chain = HAL_TIM_MspPostInit &rArr; HAL_GPIO_Init
</UL>
<BR>[Calls]<UL><LI><a href="#[3b]">&gt;&gt;</a>&nbsp;&nbsp;&nbsp;HAL_GPIO_Init
</UL>
<BR>[Called By]<UL><LI><a href="#[68]">&gt;&gt;</a>&nbsp;&nbsp;&nbsp;MX_TIM1_Init
</UL>

<P><STRONG><a name="[53]"></a>HAL_TIM_OC_DelayElapsedCallback</STRONG> (Thumb, 2 bytes, Stack size 0 bytes, stm32f0xx_hal_tim.o(i.HAL_TIM_OC_DelayElapsedCallback))
<BR><BR>[Called By]<UL><LI><a href="#[51]">&gt;&gt;</a>&nbsp;&nbsp;&nbsp;HAL_TIM_IRQHandler
</UL>

<P><STRONG><a name="[5a]"></a>HAL_TIM_PWM_ConfigChannel</STRONG> (Thumb, 208 bytes, Stack size 24 bytes, stm32f0xx_hal_tim.o(i.HAL_TIM_PWM_ConfigChannel))
<BR><BR>[Stack]<UL><LI>Max Depth = 44<LI>Call Chain = HAL_TIM_PWM_ConfigChannel &rArr; TIM_OC1_SetConfig
</UL>
<BR>[Calls]<UL><LI><a href="#[5c]">&gt;&gt;</a>&nbsp;&nbsp;&nbsp;TIM_OC2_SetConfig
<LI><a href="#[5e]">&gt;&gt;</a>&nbsp;&nbsp;&nbsp;TIM_OC4_SetConfig
<LI><a href="#[5d]">&gt;&gt;</a>&nbsp;&nbsp;&nbsp;TIM_OC3_SetConfig
<LI><a href="#[5b]">&gt;&gt;</a>&nbsp;&nbsp;&nbsp;TIM_OC1_SetConfig
</UL>
<BR>[Called By]<UL><LI><a href="#[68]">&gt;&gt;</a>&nbsp;&nbsp;&nbsp;MX_TIM1_Init
</UL>

<P><STRONG><a name="[5f]"></a>HAL_TIM_PWM_Init</STRONG> (Thumb, 52 bytes, Stack size 16 bytes, stm32f0xx_hal_tim.o(i.HAL_TIM_PWM_Init))
<BR><BR>[Stack]<UL><LI>Max Depth = 36<LI>Call Chain = HAL_TIM_PWM_Init &rArr; TIM_Base_SetConfig
</UL>
<BR>[Calls]<UL><LI><a href="#[60]">&gt;&gt;</a>&nbsp;&nbsp;&nbsp;HAL_TIM_PWM_MspInit
<LI><a href="#[4a]">&gt;&gt;</a>&nbsp;&nbsp;&nbsp;TIM_Base_SetConfig
</UL>
<BR>[Called By]<UL><LI><a href="#[68]">&gt;&gt;</a>&nbsp;&nbsp;&nbsp;MX_TIM1_Init
</UL>

<P><STRONG><a name="[60]"></a>HAL_TIM_PWM_MspInit</STRONG> (Thumb, 2 bytes, Stack size 0 bytes, stm32f0xx_hal_tim.o(i.HAL_TIM_PWM_MspInit))
<BR><BR>[Called By]<UL><LI><a href="#[5f]">&gt;&gt;</a>&nbsp;&nbsp;&nbsp;HAL_TIM_PWM_Init
</UL>

<P><STRONG><a name="[54]"></a>HAL_TIM_PWM_PulseFinishedCallback</STRONG> (Thumb, 2 bytes, Stack size 0 bytes, stm32f0xx_hal_tim.o(i.HAL_TIM_PWM_PulseFinishedCallback))
<BR><BR>[Called By]<UL><LI><a href="#[51]">&gt;&gt;</a>&nbsp;&nbsp;&nbsp;HAL_TIM_IRQHandler
</UL>

<P><STRONG><a name="[61]"></a>HAL_TIM_PWM_Start</STRONG> (Thumb, 62 bytes, Stack size 8 bytes, stm32f0xx_hal_tim.o(i.HAL_TIM_PWM_Start))
<BR><BR>[Stack]<UL><LI>Max Depth = 16<LI>Call Chain = HAL_TIM_PWM_Start &rArr; TIM_CCxChannelCmd
</UL>
<BR>[Calls]<UL><LI><a href="#[62]">&gt;&gt;</a>&nbsp;&nbsp;&nbsp;TIM_CCxChannelCmd
</UL>
<BR>[Called By]<UL><LI><a href="#[1f]">&gt;&gt;</a>&nbsp;&nbsp;&nbsp;main
</UL>

<P><STRONG><a name="[55]"></a>HAL_TIM_PeriodElapsedCallback</STRONG> (Thumb, 24 bytes, Stack size 0 bytes, main.o(i.HAL_TIM_PeriodElapsedCallback))
<BR><BR>[Called By]<UL><LI><a href="#[51]">&gt;&gt;</a>&nbsp;&nbsp;&nbsp;HAL_TIM_IRQHandler
</UL>

<P><STRONG><a name="[57]"></a>HAL_TIM_TriggerCallback</STRONG> (Thumb, 2 bytes, Stack size 0 bytes, stm32f0xx_hal_tim.o(i.HAL_TIM_TriggerCallback))
<BR><BR>[Called By]<UL><LI><a href="#[51]">&gt;&gt;</a>&nbsp;&nbsp;&nbsp;HAL_TIM_IRQHandler
</UL>

<P><STRONG><a name="[2]"></a>HardFault_Handler</STRONG> (Thumb, 2 bytes, Stack size 0 bytes, stm32f0xx_it.o(i.HardFault_Handler))
<BR><BR>[Calls]<UL><LI><a href="#[2]">&gt;&gt;</a>&nbsp;&nbsp;&nbsp;HardFault_Handler
</UL>
<BR>[Called By]<UL><LI><a href="#[2]">&gt;&gt;</a>&nbsp;&nbsp;&nbsp;HardFault_Handler
</UL>
<BR>[Address Reference Count : 1]<UL><LI> startup_stm32f030x8.o(RESET)
</UL>
<P><STRONG><a name="[1]"></a>NMI_Handler</STRONG> (Thumb, 2 bytes, Stack size 0 bytes, stm32f0xx_it.o(i.NMI_Handler))
<BR>[Address Reference Count : 1]<UL><LI> startup_stm32f030x8.o(RESET)
</UL>
<P><STRONG><a name="[4]"></a>PendSV_Handler</STRONG> (Thumb, 2 bytes, Stack size 0 bytes, stm32f0xx_it.o(i.PendSV_Handler))
<BR>[Address Reference Count : 1]<UL><LI> startup_stm32f030x8.o(RESET)
</UL>
<P><STRONG><a name="[3]"></a>SVC_Handler</STRONG> (Thumb, 2 bytes, Stack size 0 bytes, stm32f0xx_it.o(i.SVC_Handler))
<BR>[Address Reference Count : 1]<UL><LI> startup_stm32f030x8.o(RESET)
</UL>
<P><STRONG><a name="[5]"></a>SysTick_Handler</STRONG> (Thumb, 12 bytes, Stack size 8 bytes, stm32f0xx_it.o(i.SysTick_Handler))
<BR><BR>[Stack]<UL><LI>Max Depth = 16<LI>Call Chain = SysTick_Handler &rArr; HAL_SYSTICK_IRQHandler
</UL>
<BR>[Calls]<UL><LI><a href="#[46]">&gt;&gt;</a>&nbsp;&nbsp;&nbsp;HAL_SYSTICK_IRQHandler
<LI><a href="#[6c]">&gt;&gt;</a>&nbsp;&nbsp;&nbsp;HAL_IncTick
</UL>
<BR>[Address Reference Count : 1]<UL><LI> startup_stm32f030x8.o(RESET)
</UL>
<P><STRONG><a name="[6d]"></a>SystemClock_Config</STRONG> (Thumb, 102 bytes, Stack size 80 bytes, main.o(i.SystemClock_Config))
<BR><BR>[Stack]<UL><LI>Max Depth = 156<LI>Call Chain = SystemClock_Config &rArr; HAL_RCC_ClockConfig &rArr; HAL_RCC_GetSysClockFreq &rArr; __aeabi_uidivmod
</UL>
<BR>[Calls]<UL><LI><a href="#[40]">&gt;&gt;</a>&nbsp;&nbsp;&nbsp;HAL_SYSTICK_Config
<LI><a href="#[6e]">&gt;&gt;</a>&nbsp;&nbsp;&nbsp;HAL_SYSTICK_CLKSourceConfig
<LI><a href="#[45]">&gt;&gt;</a>&nbsp;&nbsp;&nbsp;HAL_RCC_OscConfig
<LI><a href="#[3f]">&gt;&gt;</a>&nbsp;&nbsp;&nbsp;HAL_RCC_GetHCLKFreq
<LI><a href="#[43]">&gt;&gt;</a>&nbsp;&nbsp;&nbsp;HAL_RCC_ClockConfig
<LI><a href="#[41]">&gt;&gt;</a>&nbsp;&nbsp;&nbsp;HAL_NVIC_SetPriority
<LI><a href="#[25]">&gt;&gt;</a>&nbsp;&nbsp;&nbsp;__aeabi_uidivmod
</UL>
<BR>[Called By]<UL><LI><a href="#[1f]">&gt;&gt;</a>&nbsp;&nbsp;&nbsp;main
</UL>

<P><STRONG><a name="[20]"></a>SystemInit</STRONG> (Thumb, 78 bytes, Stack size 0 bytes, system_stm32f0xx.o(i.SystemInit))
<BR>[Address Reference Count : 1]<UL><LI> startup_stm32f030x8.o(.text)
</UL>
<P><STRONG><a name="[13]"></a>TIM3_IRQHandler</STRONG> (Thumb, 10 bytes, Stack size 8 bytes, stm32f0xx_it.o(i.TIM3_IRQHandler))
<BR><BR>[Stack]<UL><LI>Max Depth = 24<LI>Call Chain = TIM3_IRQHandler &rArr; HAL_TIM_IRQHandler
</UL>
<BR>[Calls]<UL><LI><a href="#[51]">&gt;&gt;</a>&nbsp;&nbsp;&nbsp;HAL_TIM_IRQHandler
</UL>
<BR>[Address Reference Count : 1]<UL><LI> startup_stm32f030x8.o(RESET)
</UL>
<P><STRONG><a name="[4a]"></a>TIM_Base_SetConfig</STRONG> (Thumb, 112 bytes, Stack size 20 bytes, stm32f0xx_hal_tim.o(i.TIM_Base_SetConfig))
<BR><BR>[Stack]<UL><LI>Max Depth = 20<LI>Call Chain = TIM_Base_SetConfig
</UL>
<BR>[Called By]<UL><LI><a href="#[5f]">&gt;&gt;</a>&nbsp;&nbsp;&nbsp;HAL_TIM_PWM_Init
<LI><a href="#[48]">&gt;&gt;</a>&nbsp;&nbsp;&nbsp;HAL_TIM_Base_Init
</UL>

<P><STRONG><a name="[62]"></a>TIM_CCxChannelCmd</STRONG> (Thumb, 22 bytes, Stack size 8 bytes, stm32f0xx_hal_tim.o(i.TIM_CCxChannelCmd))
<BR><BR>[Stack]<UL><LI>Max Depth = 8<LI>Call Chain = TIM_CCxChannelCmd
</UL>
<BR>[Called By]<UL><LI><a href="#[61]">&gt;&gt;</a>&nbsp;&nbsp;&nbsp;HAL_TIM_PWM_Start
</UL>

<P><STRONG><a name="[4d]"></a>TIM_ETR_SetConfig</STRONG> (Thumb, 22 bytes, Stack size 12 bytes, stm32f0xx_hal_tim.o(i.TIM_ETR_SetConfig))
<BR><BR>[Stack]<UL><LI>Max Depth = 12<LI>Call Chain = TIM_ETR_SetConfig
</UL>
<BR>[Called By]<UL><LI><a href="#[4c]">&gt;&gt;</a>&nbsp;&nbsp;&nbsp;HAL_TIM_ConfigClockSource
</UL>

<P><STRONG><a name="[5c]"></a>TIM_OC2_SetConfig</STRONG> (Thumb, 110 bytes, Stack size 16 bytes, stm32f0xx_hal_tim.o(i.TIM_OC2_SetConfig))
<BR><BR>[Stack]<UL><LI>Max Depth = 16<LI>Call Chain = TIM_OC2_SetConfig
</UL>
<BR>[Called By]<UL><LI><a href="#[5a]">&gt;&gt;</a>&nbsp;&nbsp;&nbsp;HAL_TIM_PWM_ConfigChannel
</UL>

<P><STRONG><a name="[2a]"></a>__ARM_clz</STRONG> (Thumb, 46 bytes, Stack size 0 bytes, depilogue.o(i.__ARM_clz))
<BR><BR>[Called By]<UL><LI><a href="#[27]">&gt;&gt;</a>&nbsp;&nbsp;&nbsp;_double_epilogue
</UL>

<P><STRONG><a name="[80]"></a>__ARM_fpclassify</STRONG> (Thumb, 40 bytes, Stack size 0 bytes, fpclassify.o(i.__ARM_fpclassify))
<BR><BR>[Called By]<UL><LI><a href="#[7b]">&gt;&gt;</a>&nbsp;&nbsp;&nbsp;pow
</UL>

<P><STRONG><a name="[6f]"></a>__kernel_poly</STRONG> (Thumb, 172 bytes, Stack size 24 bytes, poly.o(i.__kernel_poly))
<BR><BR>[Stack]<UL><LI>Max Depth = 152<LI>Call Chain = __kernel_poly &rArr; __aeabi_dmul &rArr; _double_epilogue &rArr; __aeabi_llsl
</UL>
<BR>[Calls]<UL><LI><a href="#[31]">&gt;&gt;</a>&nbsp;&nbsp;&nbsp;__aeabi_dmul
<LI><a href="#[2d]">&gt;&gt;</a>&nbsp;&nbsp;&nbsp;__aeabi_dadd
</UL>
<BR>[Called By]<UL><LI><a href="#[7b]">&gt;&gt;</a>&nbsp;&nbsp;&nbsp;pow
</UL>

<P><STRONG><a name="[70]"></a>__mathlib_dbl_divzero</STRONG> (Thumb, 16 bytes, Stack size 8 bytes, dunder.o(i.__mathlib_dbl_divzero))
<BR><BR>[Stack]<UL><LI>Max Depth = 56<LI>Call Chain = __mathlib_dbl_divzero &rArr; __aeabi_ddiv &rArr; _double_round
</UL>
<BR>[Calls]<UL><LI><a href="#[32]">&gt;&gt;</a>&nbsp;&nbsp;&nbsp;__aeabi_ddiv
</UL>
<BR>[Called By]<UL><LI><a href="#[7b]">&gt;&gt;</a>&nbsp;&nbsp;&nbsp;pow
</UL>

<P><STRONG><a name="[71]"></a>__mathlib_dbl_infnan2</STRONG> (Thumb, 8 bytes, Stack size 8 bytes, dunder.o(i.__mathlib_dbl_infnan2))
<BR><BR>[Stack]<UL><LI>Max Depth = 112<LI>Call Chain = __mathlib_dbl_infnan2 &rArr; __aeabi_dadd &rArr; _double_epilogue &rArr; __aeabi_llsl
</UL>
<BR>[Calls]<UL><LI><a href="#[2d]">&gt;&gt;</a>&nbsp;&nbsp;&nbsp;__aeabi_dadd
</UL>
<BR>[Called By]<UL><LI><a href="#[7b]">&gt;&gt;</a>&nbsp;&nbsp;&nbsp;pow
</UL>

<P><STRONG><a name="[72]"></a>__mathlib_dbl_invalid</STRONG> (Thumb, 16 bytes, Stack size 8 bytes, dunder.o(i.__mathlib_dbl_invalid))
<BR><BR>[Stack]<UL><LI>Max Depth = 56<LI>Call Chain = __mathlib_dbl_invalid &rArr; __aeabi_ddiv &rArr; _double_round
</UL>
<BR>[Calls]<UL><LI><a href="#[32]">&gt;&gt;</a>&nbsp;&nbsp;&nbsp;__aeabi_ddiv
</UL>
<BR>[Called By]<UL><LI><a href="#[7b]">&gt;&gt;</a>&nbsp;&nbsp;&nbsp;pow
</UL>

<P><STRONG><a name="[73]"></a>__mathlib_dbl_overflow</STRONG> (Thumb, 16 bytes, Stack size 8 bytes, dunder.o(i.__mathlib_dbl_overflow))
<BR><BR>[Stack]<UL><LI>Max Depth = 24<LI>Call Chain = __mathlib_dbl_overflow &rArr; __ARM_scalbn
</UL>
<BR>[Calls]<UL><LI><a href="#[74]">&gt;&gt;</a>&nbsp;&nbsp;&nbsp;__ARM_scalbn
</UL>
<BR>[Called By]<UL><LI><a href="#[7b]">&gt;&gt;</a>&nbsp;&nbsp;&nbsp;pow
</UL>

<P><STRONG><a name="[75]"></a>__mathlib_dbl_underflow</STRONG> (Thumb, 14 bytes, Stack size 8 bytes, dunder.o(i.__mathlib_dbl_underflow))
<BR><BR>[Stack]<UL><LI>Max Depth = 24<LI>Call Chain = __mathlib_dbl_underflow &rArr; __ARM_scalbn
</UL>
<BR>[Calls]<UL><LI><a href="#[74]">&gt;&gt;</a>&nbsp;&nbsp;&nbsp;__ARM_scalbn
</UL>
<BR>[Called By]<UL><LI><a href="#[7b]">&gt;&gt;</a>&nbsp;&nbsp;&nbsp;pow
</UL>

<P><STRONG><a name="[8f]"></a>__scatterload_copy</STRONG> (Thumb, 14 bytes, Stack size unknown bytes, handlers.o(i.__scatterload_copy), UNUSED)

<P><STRONG><a name="[90]"></a>__scatterload_null</STRONG> (Thumb, 2 bytes, Stack size unknown bytes, handlers.o(i.__scatterload_null), UNUSED)

<P><STRONG><a name="[91]"></a>__scatterload_zeroinit</STRONG> (Thumb, 14 bytes, Stack size unknown bytes, handlers.o(i.__scatterload_zeroinit), UNUSED)

<P><STRONG><a name="[7d]"></a>__set_errno</STRONG> (Thumb, 6 bytes, Stack size 0 bytes, errno.o(i.__set_errno))
<BR><BR>[Called By]<UL><LI><a href="#[7e]">&gt;&gt;</a>&nbsp;&nbsp;&nbsp;sqrt
<LI><a href="#[7b]">&gt;&gt;</a>&nbsp;&nbsp;&nbsp;pow
</UL>

<P><STRONG><a name="[1f]"></a>main</STRONG> (Thumb, 154 bytes, Stack size 0 bytes, main.o(i.main))
<BR><BR>[Stack]<UL><LI>Max Depth = 304<LI>Call Chain = main &rArr; neko_led_test &rArr; pow &rArr; __kernel_poly &rArr; __aeabi_dmul &rArr; _double_epilogue &rArr; __aeabi_llsl
</UL>
<BR>[Calls]<UL><LI><a href="#[61]">&gt;&gt;</a>&nbsp;&nbsp;&nbsp;HAL_TIM_PWM_Start
<LI><a href="#[78]">&gt;&gt;</a>&nbsp;&nbsp;&nbsp;HAL_TIM_Base_Start_IT
<LI><a href="#[3c]">&gt;&gt;</a>&nbsp;&nbsp;&nbsp;HAL_Init
<LI><a href="#[64]">&gt;&gt;</a>&nbsp;&nbsp;&nbsp;HAL_GPIO_WritePin
<LI><a href="#[77]">&gt;&gt;</a>&nbsp;&nbsp;&nbsp;neko_waveAnimation
<LI><a href="#[76]">&gt;&gt;</a>&nbsp;&nbsp;&nbsp;neko_led_test
<LI><a href="#[7a]">&gt;&gt;</a>&nbsp;&nbsp;&nbsp;neko_blinkTwiceAnimation
<LI><a href="#[79]">&gt;&gt;</a>&nbsp;&nbsp;&nbsp;neko_blinkOnceAnimation
<LI><a href="#[6d]">&gt;&gt;</a>&nbsp;&nbsp;&nbsp;SystemClock_Config
<LI><a href="#[6b]">&gt;&gt;</a>&nbsp;&nbsp;&nbsp;MX_TIM3_Init
<LI><a href="#[68]">&gt;&gt;</a>&nbsp;&nbsp;&nbsp;MX_TIM1_Init
<LI><a href="#[65]">&gt;&gt;</a>&nbsp;&nbsp;&nbsp;MX_I2C2_Init
<LI><a href="#[63]">&gt;&gt;</a>&nbsp;&nbsp;&nbsp;MX_GPIO_Init
<LI><a href="#[24]">&gt;&gt;</a>&nbsp;&nbsp;&nbsp;__aeabi_idivmod
</UL>
<BR>[Address Reference Count : 1]<UL><LI> entry9a.o(.ARM.Collect$$$$0000000B)
</UL>
<P><STRONG><a name="[79]"></a>neko_blinkOnceAnimation</STRONG> (Thumb, 34 bytes, Stack size 8 bytes, main.o(i.neko_blinkOnceAnimation))
<BR><BR>[Stack]<UL><LI>Max Depth = 24<LI>Call Chain = neko_blinkOnceAnimation &rArr; HAL_Delay
</UL>
<BR>[Calls]<UL><LI><a href="#[64]">&gt;&gt;</a>&nbsp;&nbsp;&nbsp;HAL_GPIO_WritePin
<LI><a href="#[36]">&gt;&gt;</a>&nbsp;&nbsp;&nbsp;HAL_Delay
</UL>
<BR>[Called By]<UL><LI><a href="#[1f]">&gt;&gt;</a>&nbsp;&nbsp;&nbsp;main
</UL>

<P><STRONG><a name="[7a]"></a>neko_blinkTwiceAnimation</STRONG> (Thumb, 90 bytes, Stack size 16 bytes, main.o(i.neko_blinkTwiceAnimation))
<BR><BR>[Stack]<UL><LI>Max Depth = 32<LI>Call Chain = neko_blinkTwiceAnimation &rArr; HAL_Delay
</UL>
<BR>[Calls]<UL><LI><a href="#[64]">&gt;&gt;</a>&nbsp;&nbsp;&nbsp;HAL_GPIO_WritePin
<LI><a href="#[36]">&gt;&gt;</a>&nbsp;&nbsp;&nbsp;HAL_Delay
</UL>
<BR>[Called By]<UL><LI><a href="#[1f]">&gt;&gt;</a>&nbsp;&nbsp;&nbsp;main
</UL>

<P><STRONG><a name="[76]"></a>neko_led_test</STRONG> (Thumb, 106 bytes, Stack size 24 bytes, main.o(i.neko_led_test))
<BR><BR>[Stack]<UL><LI>Max Depth = 304<LI>Call Chain = neko_led_test &rArr; pow &rArr; __kernel_poly &rArr; __aeabi_dmul &rArr; _double_epilogue &rArr; __aeabi_llsl
</UL>
<BR>[Calls]<UL><LI><a href="#[26]">&gt;&gt;</a>&nbsp;&nbsp;&nbsp;__aeabi_i2d
<LI><a href="#[28]">&gt;&gt;</a>&nbsp;&nbsp;&nbsp;__aeabi_d2uiz
<LI><a href="#[64]">&gt;&gt;</a>&nbsp;&nbsp;&nbsp;HAL_GPIO_WritePin
<LI><a href="#[36]">&gt;&gt;</a>&nbsp;&nbsp;&nbsp;HAL_Delay
<LI><a href="#[7b]">&gt;&gt;</a>&nbsp;&nbsp;&nbsp;pow
</UL>
<BR>[Called By]<UL><LI><a href="#[1f]">&gt;&gt;</a>&nbsp;&nbsp;&nbsp;main
</UL>

<P><STRONG><a name="[7c]"></a>neko_servo_setDuty</STRONG> (Thumb, 8 bytes, Stack size 0 bytes, main.o(i.neko_servo_setDuty))
<BR><BR>[Called By]<UL><LI><a href="#[77]">&gt;&gt;</a>&nbsp;&nbsp;&nbsp;neko_waveAnimation
</UL>

<P><STRONG><a name="[77]"></a>neko_waveAnimation</STRONG> (Thumb, 64 bytes, Stack size 16 bytes, main.o(i.neko_waveAnimation))
<BR><BR>[Stack]<UL><LI>Max Depth = 32<LI>Call Chain = neko_waveAnimation &rArr; HAL_Delay
</UL>
<BR>[Calls]<UL><LI><a href="#[64]">&gt;&gt;</a>&nbsp;&nbsp;&nbsp;HAL_GPIO_WritePin
<LI><a href="#[36]">&gt;&gt;</a>&nbsp;&nbsp;&nbsp;HAL_Delay
<LI><a href="#[7c]">&gt;&gt;</a>&nbsp;&nbsp;&nbsp;neko_servo_setDuty
</UL>
<BR>[Called By]<UL><LI><a href="#[1f]">&gt;&gt;</a>&nbsp;&nbsp;&nbsp;main
</UL>

<P><STRONG><a name="[7b]"></a>pow</STRONG> (Thumb, 2548 bytes, Stack size 128 bytes, pow.o(i.pow))
<BR><BR>[Stack]<UL><LI>Max Depth = 280<LI>Call Chain = pow &rArr; __kernel_poly &rArr; __aeabi_dmul &rArr; _double_epilogue &rArr; __aeabi_llsl
</UL>
<BR>[Calls]<UL><LI><a href="#[26]">&gt;&gt;</a>&nbsp;&nbsp;&nbsp;__aeabi_i2d
<LI><a href="#[7d]">&gt;&gt;</a>&nbsp;&nbsp;&nbsp;__set_errno
<LI><a href="#[7e]">&gt;&gt;</a>&nbsp;&nbsp;&nbsp;sqrt
<LI><a href="#[6f]">&gt;&gt;</a>&nbsp;&nbsp;&nbsp;__kernel_poly
<LI><a href="#[80]">&gt;&gt;</a>&nbsp;&nbsp;&nbsp;__ARM_fpclassify
<LI><a href="#[75]">&gt;&gt;</a>&nbsp;&nbsp;&nbsp;__mathlib_dbl_underflow
<LI><a href="#[73]">&gt;&gt;</a>&nbsp;&nbsp;&nbsp;__mathlib_dbl_overflow
<LI><a href="#[72]">&gt;&gt;</a>&nbsp;&nbsp;&nbsp;__mathlib_dbl_invalid
<LI><a href="#[71]">&gt;&gt;</a>&nbsp;&nbsp;&nbsp;__mathlib_dbl_infnan2
<LI><a href="#[70]">&gt;&gt;</a>&nbsp;&nbsp;&nbsp;__mathlib_dbl_divzero
<LI><a href="#[2f]">&gt;&gt;</a>&nbsp;&nbsp;&nbsp;__aeabi_dsub
<LI><a href="#[30]">&gt;&gt;</a>&nbsp;&nbsp;&nbsp;__aeabi_drsub
<LI><a href="#[31]">&gt;&gt;</a>&nbsp;&nbsp;&nbsp;__aeabi_dmul
<LI><a href="#[32]">&gt;&gt;</a>&nbsp;&nbsp;&nbsp;__aeabi_ddiv
<LI><a href="#[2d]">&gt;&gt;</a>&nbsp;&nbsp;&nbsp;__aeabi_dadd
<LI><a href="#[7f]">&gt;&gt;</a>&nbsp;&nbsp;&nbsp;__aeabi_cdrcmple
<LI><a href="#[74]">&gt;&gt;</a>&nbsp;&nbsp;&nbsp;__ARM_scalbn
</UL>
<BR>[Called By]<UL><LI><a href="#[76]">&gt;&gt;</a>&nbsp;&nbsp;&nbsp;neko_led_test
</UL>

<P><STRONG><a name="[7e]"></a>sqrt</STRONG> (Thumb, 66 bytes, Stack size 24 bytes, sqrt.o(i.sqrt))
<BR><BR>[Stack]<UL><LI>Max Depth = 64<LI>Call Chain = sqrt &rArr; _dsqrt &rArr; _double_round
</UL>
<BR>[Calls]<UL><LI><a href="#[7d]">&gt;&gt;</a>&nbsp;&nbsp;&nbsp;__set_errno
<LI><a href="#[34]">&gt;&gt;</a>&nbsp;&nbsp;&nbsp;_dsqrt
</UL>
<BR>[Called By]<UL><LI><a href="#[7b]">&gt;&gt;</a>&nbsp;&nbsp;&nbsp;pow
</UL>
<P>
<H3>
Local Symbols
</H3>
<P><STRONG><a name="[63]"></a>MX_GPIO_Init</STRONG> (Thumb, 208 bytes, Stack size 48 bytes, main.o(i.MX_GPIO_Init))
<BR><BR>[Stack]<UL><LI>Max Depth = 72<LI>Call Chain = MX_GPIO_Init &rArr; HAL_GPIO_Init
</UL>
<BR>[Calls]<UL><LI><a href="#[41]">&gt;&gt;</a>&nbsp;&nbsp;&nbsp;HAL_NVIC_SetPriority
<LI><a href="#[4b]">&gt;&gt;</a>&nbsp;&nbsp;&nbsp;HAL_NVIC_EnableIRQ
<LI><a href="#[64]">&gt;&gt;</a>&nbsp;&nbsp;&nbsp;HAL_GPIO_WritePin
<LI><a href="#[3b]">&gt;&gt;</a>&nbsp;&nbsp;&nbsp;HAL_GPIO_Init
</UL>
<BR>[Called By]<UL><LI><a href="#[1f]">&gt;&gt;</a>&nbsp;&nbsp;&nbsp;main
</UL>

<P><STRONG><a name="[65]"></a>MX_I2C2_Init</STRONG> (Thumb, 70 bytes, Stack size 8 bytes, main.o(i.MX_I2C2_Init))
<BR><BR>[Stack]<UL><LI>Max Depth = 80<LI>Call Chain = MX_I2C2_Init &rArr; HAL_I2C_Init &rArr; HAL_I2C_MspInit &rArr; HAL_GPIO_Init
</UL>
<BR>[Calls]<UL><LI><a href="#[39]">&gt;&gt;</a>&nbsp;&nbsp;&nbsp;HAL_I2C_Init
<LI><a href="#[67]">&gt;&gt;</a>&nbsp;&nbsp;&nbsp;HAL_I2CEx_ConfigDigitalFilter
<LI><a href="#[66]">&gt;&gt;</a>&nbsp;&nbsp;&nbsp;HAL_I2CEx_ConfigAnalogFilter
</UL>
<BR>[Called By]<UL><LI><a href="#[1f]">&gt;&gt;</a>&nbsp;&nbsp;&nbsp;main
</UL>

<P><STRONG><a name="[68]"></a>MX_TIM1_Init</STRONG> (Thumb, 162 bytes, Stack size 88 bytes, main.o(i.MX_TIM1_Init))
<BR><BR>[Stack]<UL><LI>Max Depth = 136<LI>Call Chain = MX_TIM1_Init &rArr; HAL_TIM_MspPostInit &rArr; HAL_GPIO_Init
</UL>
<BR>[Calls]<UL><LI><a href="#[5f]">&gt;&gt;</a>&nbsp;&nbsp;&nbsp;HAL_TIM_PWM_Init
<LI><a href="#[5a]">&gt;&gt;</a>&nbsp;&nbsp;&nbsp;HAL_TIM_PWM_ConfigChannel
<LI><a href="#[59]">&gt;&gt;</a>&nbsp;&nbsp;&nbsp;HAL_TIM_MspPostInit
<LI><a href="#[4c]">&gt;&gt;</a>&nbsp;&nbsp;&nbsp;HAL_TIM_ConfigClockSource
<LI><a href="#[48]">&gt;&gt;</a>&nbsp;&nbsp;&nbsp;HAL_TIM_Base_Init
<LI><a href="#[69]">&gt;&gt;</a>&nbsp;&nbsp;&nbsp;HAL_TIMEx_MasterConfigSynchronization
<LI><a href="#[6a]">&gt;&gt;</a>&nbsp;&nbsp;&nbsp;HAL_TIMEx_ConfigBreakDeadTime
</UL>
<BR>[Called By]<UL><LI><a href="#[1f]">&gt;&gt;</a>&nbsp;&nbsp;&nbsp;main
</UL>

<P><STRONG><a name="[6b]"></a>MX_TIM3_Init</STRONG> (Thumb, 78 bytes, Stack size 32 bytes, main.o(i.MX_TIM3_Init))
<BR><BR>[Stack]<UL><LI>Max Depth = 68<LI>Call Chain = MX_TIM3_Init &rArr; HAL_TIM_ConfigClockSource &rArr; TIM_ETR_SetConfig
</UL>
<BR>[Calls]<UL><LI><a href="#[4c]">&gt;&gt;</a>&nbsp;&nbsp;&nbsp;HAL_TIM_ConfigClockSource
<LI><a href="#[48]">&gt;&gt;</a>&nbsp;&nbsp;&nbsp;HAL_TIM_Base_Init
<LI><a href="#[69]">&gt;&gt;</a>&nbsp;&nbsp;&nbsp;HAL_TIMEx_MasterConfigSynchronization
</UL>
<BR>[Called By]<UL><LI><a href="#[1f]">&gt;&gt;</a>&nbsp;&nbsp;&nbsp;main
</UL>

<P><STRONG><a name="[50]"></a>TIM_ITRx_SetConfig</STRONG> (Thumb, 16 bytes, Stack size 0 bytes, stm32f0xx_hal_tim.o(i.TIM_ITRx_SetConfig))
<BR><BR>[Called By]<UL><LI><a href="#[4c]">&gt;&gt;</a>&nbsp;&nbsp;&nbsp;HAL_TIM_ConfigClockSource
</UL>

<P><STRONG><a name="[5b]"></a>TIM_OC1_SetConfig</STRONG> (Thumb, 120 bytes, Stack size 20 bytes, stm32f0xx_hal_tim.o(i.TIM_OC1_SetConfig))
<BR><BR>[Stack]<UL><LI>Max Depth = 20<LI>Call Chain = TIM_OC1_SetConfig
</UL>
<BR>[Called By]<UL><LI><a href="#[5a]">&gt;&gt;</a>&nbsp;&nbsp;&nbsp;HAL_TIM_PWM_ConfigChannel
</UL>

<P><STRONG><a name="[5d]"></a>TIM_OC3_SetConfig</STRONG> (Thumb, 114 bytes, Stack size 16 bytes, stm32f0xx_hal_tim.o(i.TIM_OC3_SetConfig))
<BR><BR>[Stack]<UL><LI>Max Depth = 16<LI>Call Chain = TIM_OC3_SetConfig
</UL>
<BR>[Called By]<UL><LI><a href="#[5a]">&gt;&gt;</a>&nbsp;&nbsp;&nbsp;HAL_TIM_PWM_ConfigChannel
</UL>

<P><STRONG><a name="[5e]"></a>TIM_OC4_SetConfig</STRONG> (Thumb, 90 bytes, Stack size 12 bytes, stm32f0xx_hal_tim.o(i.TIM_OC4_SetConfig))
<BR><BR>[Stack]<UL><LI>Max Depth = 12<LI>Call Chain = TIM_OC4_SetConfig
</UL>
<BR>[Called By]<UL><LI><a href="#[5a]">&gt;&gt;</a>&nbsp;&nbsp;&nbsp;HAL_TIM_PWM_ConfigChannel
</UL>

<P><STRONG><a name="[4e]"></a>TIM_TI1_ConfigInputStage</STRONG> (Thumb, 34 bytes, Stack size 12 bytes, stm32f0xx_hal_tim.o(i.TIM_TI1_ConfigInputStage))
<BR><BR>[Stack]<UL><LI>Max Depth = 12<LI>Call Chain = TIM_TI1_ConfigInputStage
</UL>
<BR>[Called By]<UL><LI><a href="#[4c]">&gt;&gt;</a>&nbsp;&nbsp;&nbsp;HAL_TIM_ConfigClockSource
</UL>

<P><STRONG><a name="[4f]"></a>TIM_TI2_ConfigInputStage</STRONG> (Thumb, 38 bytes, Stack size 12 bytes, stm32f0xx_hal_tim.o(i.TIM_TI2_ConfigInputStage))
<BR><BR>[Stack]<UL><LI>Max Depth = 12<LI>Call Chain = TIM_TI2_ConfigInputStage
</UL>
<BR>[Called By]<UL><LI><a href="#[4c]">&gt;&gt;</a>&nbsp;&nbsp;&nbsp;HAL_TIM_ConfigClockSource
</UL>

<P><STRONG><a name="[42]"></a>NVIC_SetPriority</STRONG> (Thumb, 60 bytes, Stack size 0 bytes, stm32f0xx_hal_cortex.o(i.NVIC_SetPriority))
<BR><BR>[Called By]<UL><LI><a href="#[40]">&gt;&gt;</a>&nbsp;&nbsp;&nbsp;HAL_SYSTICK_Config
<LI><a href="#[41]">&gt;&gt;</a>&nbsp;&nbsp;&nbsp;HAL_NVIC_SetPriority
</UL>
<P>
<H3>
Undefined Global Symbols
</H3><HR></body></html>
